ARM Linker, 5.03 [Build 76] [MDK-ARM Lite]

==============================================================================

Small function inlining results

Inlined function __aeabi_idiv0 from aeabi_idiv0.o at offset 0x154 in aeabi_sdiv.o(.text).
Inlined Instruction: BX       lr
Inlined function __aeabi_idiv0 from aeabi_idiv0.o at offset 0x154 in aeabi_sdiv_div0.o(.text).
Inlined Instruction: BX       lr
Inlined function _platform_pre_stackheap_init from boardinit1.o at offset 0x0 in rtentry2.o(.ARM.Collect$$rtentry$$00000001).
Inlined Instruction: BX       lr
Inlined function _fp_init from fpinit.o at offset 0x0 in libinit2.o(.ARM.Collect$$libinit$$00000001).
Inlined Instruction: BX       lr
Inlined function _platform_pre_lib_shutdown from boardshut.o at offset 0x0 in rtexit2.o(.ARM.Collect$$rtexit$$00000001).
Inlined Instruction: BX       lr
Inlined function __ARM_get_argv from no_argv.o at offset 0x2 in argv_veneer.o(.text).
Inlined Instruction: BX       lr
Inlined total of 6 calls.

==============================================================================

Memory Map of the image

  Image Entry point : 0x00000181

  Load Region LR_1 (Base: 0x00000000, Size: 0x00003048, Max: 0xffffffff, ABSOLUTE)

    Execution Region ER_RO (Base: 0x00000000, Size: 0x000029ec, Max: 0xffffffff, ABSOLUTE)

    Base Addr    Size         Type   Attr      Idx    E Section Name        Object

    0x00000000   0x000000c0   Data   RO           55    RESET               startup_nuc1xx.o
    0x000000c0   0x00000008   Code   RO         1220  * !!!main             c_p.l(__main.o)
    0x000000c8   0x0000003c   Code   RO         1399    !!!scatter          c_p.l(__scatter.o)
    0x00000104   0x0000001a   Code   RO         1401    !!handler_copy      c_p.l(__scatter_copy.o)
    0x0000011e   0x00000002   PAD
    0x00000120   0x0000001c   Code   RO         1403    !!handler_zi        c_p.l(__scatter_zi.o)
    0x0000013c   0x00000002   Code   RO         1209    .ARM.Collect$$_printf_percent$$00000000  c_p.l(_printf_percent.o)
    0x0000013e   0x0000000a   Code   RO         1208    .ARM.Collect$$_printf_percent$$00000009  c_p.l(_printf_d.o)
    0x00000148   0x0000000a   Code   RO         1207    .ARM.Collect$$_printf_percent$$00000014  c_p.l(_printf_s.o)
    0x00000152   0x00000004   Code   RO         1235    .ARM.Collect$$_printf_percent$$00000017  c_p.l(_printf_percent_end.o)
    0x00000156   0x00000002   Code   RO         1271    .ARM.Collect$$libinit$$00000000  c_p.l(libinit.o)
    0x00000158   0x00000004   Code   RO         1284    .ARM.Collect$$libinit$$00000001  c_p.l(libinit2.o)
    0x0000015c   0x00000000   Code   RO         1288    .ARM.Collect$$libinit$$00000008  c_p.l(libinit2.o)
    0x0000015c   0x00000000   Code   RO         1290    .ARM.Collect$$libinit$$0000000A  c_p.l(libinit2.o)
    0x0000015c   0x00000000   Code   RO         1292    .ARM.Collect$$libinit$$0000000C  c_p.l(libinit2.o)
    0x0000015c   0x00000000   Code   RO         1295    .ARM.Collect$$libinit$$0000000F  c_p.l(libinit2.o)
    0x0000015c   0x00000000   Code   RO         1297    .ARM.Collect$$libinit$$00000011  c_p.l(libinit2.o)
    0x0000015c   0x00000000   Code   RO         1299    .ARM.Collect$$libinit$$00000013  c_p.l(libinit2.o)
    0x0000015c   0x00000000   Code   RO         1301    .ARM.Collect$$libinit$$00000015  c_p.l(libinit2.o)
    0x0000015c   0x00000000   Code   RO         1303    .ARM.Collect$$libinit$$00000017  c_p.l(libinit2.o)
    0x0000015c   0x00000000   Code   RO         1305    .ARM.Collect$$libinit$$00000019  c_p.l(libinit2.o)
    0x0000015c   0x00000000   Code   RO         1307    .ARM.Collect$$libinit$$0000001B  c_p.l(libinit2.o)
    0x0000015c   0x00000000   Code   RO         1309    .ARM.Collect$$libinit$$0000001D  c_p.l(libinit2.o)
    0x0000015c   0x00000000   Code   RO         1311    .ARM.Collect$$libinit$$0000001F  c_p.l(libinit2.o)
    0x0000015c   0x00000000   Code   RO         1313    .ARM.Collect$$libinit$$00000021  c_p.l(libinit2.o)
    0x0000015c   0x00000000   Code   RO         1315    .ARM.Collect$$libinit$$00000023  c_p.l(libinit2.o)
    0x0000015c   0x00000000   Code   RO         1319    .ARM.Collect$$libinit$$0000002A  c_p.l(libinit2.o)
    0x0000015c   0x00000000   Code   RO         1321    .ARM.Collect$$libinit$$0000002C  c_p.l(libinit2.o)
    0x0000015c   0x00000000   Code   RO         1323    .ARM.Collect$$libinit$$0000002E  c_p.l(libinit2.o)
    0x0000015c   0x00000000   Code   RO         1325    .ARM.Collect$$libinit$$00000030  c_p.l(libinit2.o)
    0x0000015c   0x00000002   Code   RO         1326    .ARM.Collect$$libinit$$00000031  c_p.l(libinit2.o)
    0x0000015e   0x00000002   Code   RO         1357    .ARM.Collect$$libshutdown$$00000000  c_p.l(libshutdown.o)
    0x00000160   0x00000000   Code   RO         1384    .ARM.Collect$$libshutdown$$00000003  c_p.l(libshutdown2.o)
    0x00000160   0x00000000   Code   RO         1387    .ARM.Collect$$libshutdown$$00000006  c_p.l(libshutdown2.o)
    0x00000160   0x00000000   Code   RO         1390    .ARM.Collect$$libshutdown$$00000009  c_p.l(libshutdown2.o)
    0x00000160   0x00000000   Code   RO         1392    .ARM.Collect$$libshutdown$$0000000B  c_p.l(libshutdown2.o)
    0x00000160   0x00000000   Code   RO         1395    .ARM.Collect$$libshutdown$$0000000E  c_p.l(libshutdown2.o)
    0x00000160   0x00000002   Code   RO         1396    .ARM.Collect$$libshutdown$$0000000F  c_p.l(libshutdown2.o)
    0x00000162   0x00000000   Code   RO         1222    .ARM.Collect$$rtentry$$00000000  c_p.l(rtentry.o)
    0x00000162   0x00000000   Code   RO         1239    .ARM.Collect$$rtentry$$00000002  c_p.l(rtentry2.o)
    0x00000162   0x00000006   Code   RO         1251    .ARM.Collect$$rtentry$$00000004  c_p.l(rtentry4.o)
    0x00000168   0x00000000   Code   RO         1241    .ARM.Collect$$rtentry$$00000009  c_p.l(rtentry2.o)
    0x00000168   0x00000004   Code   RO         1242    .ARM.Collect$$rtentry$$0000000A  c_p.l(rtentry2.o)
    0x0000016c   0x00000000   Code   RO         1244    .ARM.Collect$$rtentry$$0000000C  c_p.l(rtentry2.o)
    0x0000016c   0x00000008   Code   RO         1245    .ARM.Collect$$rtentry$$0000000D  c_p.l(rtentry2.o)
    0x00000174   0x00000002   Code   RO         1276    .ARM.Collect$$rtexit$$00000000  c_p.l(rtexit.o)
    0x00000176   0x00000000   Code   RO         1330    .ARM.Collect$$rtexit$$00000002  c_p.l(rtexit2.o)
    0x00000176   0x00000004   Code   RO         1331    .ARM.Collect$$rtexit$$00000003  c_p.l(rtexit2.o)
    0x0000017a   0x00000006   Code   RO         1332    .ARM.Collect$$rtexit$$00000004  c_p.l(rtexit2.o)
    0x00000180   0x00000064   Code   RO           56  * .text               startup_nuc1xx.o
    0x000001e4   0x00000028   Code   RO         1177    .text               c_p.l(noretval__2sprintf.o)
    0x0000020c   0x0000004e   Code   RO         1181    .text               c_p.l(_printf_pad.o)
    0x0000025a   0x00000052   Code   RO         1183    .text               c_p.l(_printf_str.o)
    0x000002ac   0x0000006c   Code   RO         1185    .text               c_p.l(_printf_dec.o)
    0x00000318   0x0000010e   Code   RO         1195    .text               c_p.l(__printf_wp.o)
    0x00000426   0x00000002   PAD
    0x00000428   0x00000044   Code   RO         1210    .text               c_p.l(strlen.o)
    0x0000046c   0x00000088   Code   RO         1212    .text               c_p.l(strcmp.o)
    0x000004f4   0x0000015a   Code   RO         1214    .text               c_p.l(aeabi_sdiv.o)
    0x0000064e   0x00000006   Code   RO         1218    .text               c_p.l(heapauxi.o)
    0x00000654   0x000000b0   Code   RO         1227    .text               c_p.l(_printf_intcommon.o)
    0x00000704   0x00000030   Code   RO         1229    .text               c_p.l(_printf_char_common.o)
    0x00000734   0x0000000a   Code   RO         1231    .text               c_p.l(_sputc.o)
    0x0000073e   0x0000002e   Code   RO         1233    .text               c_p.l(_printf_char.o)
    0x0000076c   0x00000028   Code   RO         1236    .text               c_p.l(rtudiv10.o)
    0x00000794   0x0000003e   Code   RO         1257    .text               c_p.l(sys_stackheap_outer.o)
    0x000007d2   0x0000000c   Code   RO         1260    .text               c_p.l(exit.o)
    0x000007de   0x00000002   PAD
    0x000007e0   0x00000008   Code   RO         1272    .text               c_p.l(libspace.o)
    0x000007e8   0x0000000c   Code   RO         1327    .text               c_p.l(sys_exit.o)
    0x000007f4   0x00000002   Code   RO         1346    .text               c_p.l(use_no_semi.o)
    0x000007f6   0x00000000   Code   RO         1348    .text               c_p.l(indicate_semi.o)
    0x000007f6   0x00000002   PAD
    0x000007f8   0x00000098   Code   RO          943    i.ADC_IRQHandler    drvadc.o
    0x00000890   0x00000028   Code   RO          265    i.BOD_IRQHandler    drvsys.o
    0x000008b8   0x000000d4   Code   RO          571    i.BaudRateCalculator  drvuart.o
    0x0000098c   0x00000014   Code   RO          967    i.DrvADC_IsConversionDone  drvadc.o
    0x000009a0   0x000000e0   Code   RO          970    i.DrvADC_Open       drvadc.o
    0x00000a80   0x00000024   Code   RO          976    i.DrvADC_StartConvert  drvadc.o
    0x00000aa4   0x0000002c   Code   RO          711    i.DrvGPIO_ClrBit    drvgpio.o
    0x00000ad0   0x00000758   Code   RO          733    i.DrvGPIO_InitFunction  drvgpio.o
    0x00001228   0x00000088   Code   RO          734    i.DrvGPIO_Open      drvgpio.o
    0x000012b0   0x0000002c   Code   RO          735    i.DrvGPIO_SetBit    drvgpio.o
    0x000012dc   0x0000002c   Code   RO          268    i.DrvSYS_Delay      drvsys.o
    0x00001308   0x00000008   Code   RO          283    i.DrvSYS_GetExtClockFreq  drvsys.o
    0x00001310   0x00000074   Code   RO          285    i.DrvSYS_GetPLLClockFreq  drvsys.o
    0x00001384   0x000000c0   Code   RO          286    i.DrvSYS_GetPLLContent  drvsys.o
    0x00001444   0x00000010   Code   RO          289    i.DrvSYS_IsProtectedRegLocked  drvsys.o
    0x00001454   0x000000bc   Code   RO          291    i.DrvSYS_Open       drvsys.o
    0x00001510   0x00000038   Code   RO          297    i.DrvSYS_SelectHCLKSource  drvsys.o
    0x00001548   0x0000004c   Code   RO          306    i.DrvSYS_SetPLLContent  drvsys.o
    0x00001594   0x00000100   Code   RO          576    i.DrvUART_EnableInt  drvuart.o
    0x00001694   0x00000264   Code   RO          581    i.DrvUART_Open      drvuart.o
    0x000018f8   0x00000040   Code   RO          587    i.DrvUART_Write     drvuart.o
    0x00001938   0x00000024   Code   RO          741    i.EINT0_IRQHandler  drvgpio.o
    0x0000195c   0x00000024   Code   RO          742    i.EINT1_IRQHandler  drvgpio.o
    0x00001980   0x00000044   Code   RO          743    i.GPAB_IRQHandler   drvgpio.o
    0x000019c4   0x0000004c   Code   RO          744    i.GPCDE_IRQHandler  drvgpio.o
    0x00001a10   0x00000048   Code   RO          588    i.GetUartClk        drvuart.o
    0x00001a58   0x000004c0   Code   RO          178    i.InitPWM           driver_pwm_servo.o
    0x00001f18   0x00000098   Code   RO          207    i.InitTIMER1        final_project.o
    0x00001fb0   0x0000020c   Code   RO          102    i.Initial_panel     lcd_driver.o
    0x000021bc   0x00000014   Code   RO          590    i.NVIC_EnableIRQ    drvuart.o
    0x000021d0   0x000001ec   Code   RO          179    i.PWM_Servo         driver_pwm_servo.o
    0x000023bc   0x00000028   Code   RO          313    i.PWRWU_IRQHandler  drvsys.o
    0x000023e4   0x000000f0   Code   RO          103    i.SetPACA           lcd_driver.o
    0x000024d4   0x00000078   Code   RO          104    i.Show_Word         lcd_driver.o
    0x0000254c   0x000000a0   Code   RO           17    i.SystemCoreClockUpdate  system_nuc1xx.o
    0x000025ec   0x00000002   Code   RO           18    i.SystemInit        system_nuc1xx.o
    0x000025ee   0x00000002   PAD
    0x000025f0   0x00000048   Code   RO          208    i.TMR1_IRQHandler   final_project.o
    0x00002638   0x0000003c   Code   RO          591    i.UART02_IRQHandler  drvuart.o
    0x00002674   0x00000020   Code   RO          592    i.UART1_IRQHandler  drvuart.o
    0x00002694   0x0000009c   Code   RO          209    i.UART_INT_HANDLE   final_project.o
    0x00002730   0x00000054   Code   RO          106    i.WriteData         lcd_driver.o
    0x00002784   0x0000001c   Code   RO          199    i.__ARM_common_switch8  driver_pwm_servo.o
    0x000027a0   0x0000000e   Code   RO         1197    i._is_digit         c_p.l(__printf_wp.o)
    0x000027ae   0x00000028   Code   RO          107    i.clr_all_panel     lcd_driver.o
    0x000027d6   0x00000002   PAD
    0x000027d8   0x000001bc   Code   RO          210    i.main              final_project.o
    0x00002994   0x00000028   Code   RO          109    i.print_lcd         lcd_driver.o
    0x000029bc   0x00000010   Data   RO          314    .constdata          drvsys.o
    0x000029cc   0x00000020   Data   RO         1397    Region$$Table       anon$$obj.o


    Execution Region ER_RW (Base: 0x20000000, Size: 0x0000065c, Max: 0xffffffff, ABSOLUTE)

    Base Addr    Size         Type   Attr      Idx    E Section Name        Object

    0x20000000   0x0000001c   Data   RW           19    .data               system_nuc1xx.o
    0x2000001c   0x00000010   Data   RW          110    .data               lcd_driver.o
    0x2000002c   0x000005f0   Data   RW          171    .data               ascii_table.o
    0x2000061c   0x0000000f   Data   RW          212    .data               final_project.o
    0x2000062b   0x00000001   PAD
    0x2000062c   0x00000008   Data   RW          315    .data               drvsys.o
    0x20000634   0x0000000c   Data   RW          593    .data               drvuart.o
    0x20000640   0x00000010   Data   RW          748    .data               drvgpio.o
    0x20000650   0x0000000c   Data   RW          981    .data               drvadc.o


    Execution Region ER_ZI (Base: 0x2000065c, Size: 0x000004c4, Max: 0xffffffff, ABSOLUTE)

    Base Addr    Size         Type   Attr      Idx    E Section Name        Object

    0x2000065c   0x00000057   Zero   RW          211    .bss                final_project.o
    0x200006b3   0x00000001   PAD
    0x200006b4   0x0000000c   Zero   RW          980    .bss                drvadc.o
    0x200006c0   0x00000060   Zero   RW         1273    .bss                c_p.l(libspace.o)
    0x20000720   0x00000000   Zero   RW           54    HEAP                startup_nuc1xx.o
    0x20000720   0x00000400   Zero   RW           53    STACK               startup_nuc1xx.o


==============================================================================

Image component sizes


      Code (inc. data)   RO Data    RW Data    ZI Data      Debug   Object Name

         0          0          0       1520          0        420   ascii_table.o
         0          0          0          0          0       4244   core_cm0.o
      1736         70          0          0          0       1670   driver_pwm_servo.o
       432         38          0         12         12       2851   drvadc.o
      2320        146          0         16          0       6067   drvgpio.o
       776        106         16          8          0       8993   drvsys.o
      1328         90          0         12          0      13454   drvuart.o
       824        156          0         15         87      20645   final_project.o
      1048         22          0         16          0       4269   lcd_driver.o
         0          0          0          0          0     117188   seven_segment.o
       100         46        192          0       1024        708   startup_nuc1xx.o
       162         30          0         28          0     119114   system_nuc1xx.o

    ----------------------------------------------------------------------
      8730        704        240       1628       1124     299623   Object Totals
         0          0         32          0          0          0   (incl. Generated)
         4          0          0          1          1          0   (incl. Padding)

    ----------------------------------------------------------------------

      Code (inc. data)   RO Data    RW Data    ZI Data      Debug   Library Member Name

         8          0          0          0          0         68   __main.o
       284          0          0          0          0        136   __printf_wp.o
        60          8          0          0          0          0   __scatter.o
        26          0          0          0          0          0   __scatter_copy.o
        28          0          0          0          0          0   __scatter_zi.o
        46          0          0          0          0        100   _printf_char.o
        48          6          0          0          0         88   _printf_char_common.o
        10          0          0          0          0          0   _printf_d.o
       108         18          0          0          0         76   _printf_dec.o
       176          0          0          0          0         84   _printf_intcommon.o
        78          0          0          0          0        100   _printf_pad.o
         2          0          0          0          0          0   _printf_percent.o
         4          0          0          0          0          0   _printf_percent_end.o
        10          0          0          0          0          0   _printf_s.o
        82          0          0          0          0         72   _printf_str.o
        10          0          0          0          0         60   _sputc.o
       346          0          0          0          0         92   aeabi_sdiv.o
        12          0          0          0          0         64   exit.o
         6          0          0          0          0        136   heapauxi.o
         0          0          0          0          0          0   indicate_semi.o
         2          0          0          0          0          0   libinit.o
         6          0          0          0          0          0   libinit2.o
         2          0          0          0          0          0   libshutdown.o
         2          0          0          0          0          0   libshutdown2.o
         8          4          0          0         96         68   libspace.o
        40          4          0          0          0         84   noretval__2sprintf.o
         0          0          0          0          0          0   rtentry.o
        12          0          0          0          0          0   rtentry2.o
         6          0          0          0          0          0   rtentry4.o
         2          0          0          0          0          0   rtexit.o
        10          0          0          0          0          0   rtexit2.o
        40          0          0          0          0         60   rtudiv10.o
       136          4          0          0          0         72   strcmp.o
        68          6          0          0          0         72   strlen.o
        12          4          0          0          0         60   sys_exit.o
        62          0          0          0          0         80   sys_stackheap_outer.o
         2          0          0          0          0         68   use_no_semi.o

    ----------------------------------------------------------------------
      1762         54          0          0         96       1640   Library Totals
         8          0          0          0          0          0   (incl. Padding)

    ----------------------------------------------------------------------

      Code (inc. data)   RO Data    RW Data    ZI Data      Debug   Library Name

      1754         54          0          0         96       1640   c_p.l

    ----------------------------------------------------------------------
      1762         54          0          0         96       1640   Library Totals

    ----------------------------------------------------------------------

==============================================================================


      Code (inc. data)   RO Data    RW Data    ZI Data      Debug   

     10492        758        240       1628       1220     298539   Grand Totals
     10492        758        240       1628       1220     298539   ELF Image Totals
     10492        758        240       1628          0          0   ROM Totals

==============================================================================

    Total RO  Size (Code + RO Data)                10732 (  10.48kB)
    Total RW  Size (RW Data + ZI Data)              2848 (   2.78kB)
    Total ROM Size (Code + RO Data + RW Data)      12360 (  12.07kB)

==============================================================================

