<html>
<body>
<pre>
<h1>µVision Build Log</h1>
<h2>Project:</h2>
C:\Nuvoton\NUC140BSP\NuvotonPlatform_Keil\Sample\EduSampleCode\final project\Final_Project.uvproj
Project File Date:  03/26/2024

<h2>Output:</h2>
Rebuild target 'Smpl_UART0_HC05'
creating preprocessor file for core_cm0.c...
compiling core_cm0.c...
creating preprocessor file for system_NUC1xx.c...
compiling system_NUC1xx.c...
assembling startup_NUC1xx.s...
creating preprocessor file for Seven_Segment.c...
compiling Seven_Segment.c...
creating preprocessor file for LCD_Driver.c...
compiling LCD_Driver.c...
creating preprocessor file for Ascii_Table.C...
compiling Ascii_Table.C...
creating preprocessor file for Driver_PWM_Servo.c...
compiling Driver_PWM_Servo.c...
creating preprocessor file for Final_Project.c...
compiling Final_Project.c...
Final_Project.c(110): warning:  #167-D: argument of type "char *" is incompatible with parameter of type "uint8_t *"
                DrvUART_Write(UART_PORT0, Packet_Sent, strlen(Packet_Sent));
Final_Project.c(135): warning:  #167-D: argument of type "void (*)(void)" is incompatible with parameter of type "PFN_DRVUART_CALLBACK *"
        DrvUART_EnableInt(UART_PORT0, DRVUART_RDAINT, UART_INT_HANDLE);
Final_Project.c(175): warning:  #111-D: statement is unreachable
        DrvUART_Close(UART_PORT0);
Final_Project.c: 3 warnings, 0 errors
creating preprocessor file for DrvSYS.c...
compiling DrvSYS.c...
creating preprocessor file for DrvUART.c...
compiling DrvUART.c...
creating preprocessor file for DrvGPIO.c...
compiling DrvGPIO.c...
creating preprocessor file for DrvADC.c...
compiling DrvADC.c...
linking...
Program Size: Code=10492 RO-data=240 RW-data=1628 ZI-data=1220  
After Build - User command #1: fromelf --bin ".\obj\Smpl_UART0_HC05.axf" --output ".\obj\Smpl_UART0_HC05.bin"
After Build - User command #2: fromelf --text -c ".\obj\Smpl_UART0_HC05.axf" --output ".\obj\Smpl_UART0_HC05.txt"
".\obj\Smpl_UART0_HC05.axf" - 0 Error(s), 3 Warning(s).
Load "C:\\Nuvoton\\NUC140BSP\\NuvotonPlatform_Keil\\Sample\\EduSampleCode\\final project\\obj\\Smpl_UART0_HC05.axf" 
Load "C:\\Nuvoton\\NUC140BSP\\NuvotonPlatform_Keil\\Sample\\EduSampleCode\\final project\\obj\\Smpl_UART0_HC05.axf" 
Load "C:\\Nuvoton\\NUC140BSP\\NuvotonPlatform_Keil\\Sample\\EduSampleCode\\final project\\obj\\Smpl_UART0_HC05.axf" 
</pre>
</body>
</html>
